[Mon 01/26/2026 16:54:50.00] Creating lock file 
 
========================================== 
[Mon 01/26/2026 16:54:50.00] Task Scheduler startup initiated 
Script Directory: D:\NS\trading_api_client 
Install Directory: D:\NS\trading_api_client\install_monitor 
Log File: D:\NS\trading_api_client\install_monitor.log 
========================================== 
[Mon 01/26/2026 16:54:50.00] Stopping any running Python processes 
[Mon 01/26/2026 16:54:50.37] Process termination completed 
[Mon 01/26/2026 16:54:50.37] Reading REINSTALL flag from args.txt 
[Mon 01/26/2026 16:54:50.37] Successfully read REINSTALL flag 
[Mon 01/26/2026 16:54:50.37] REINSTALL requested from args.txt: false 
[Mon 01/26/2026 16:54:50.37] Virtual environment not found at: D:\NS\trading_api_client\install_monitor\.venv 
[Mon 01/26/2026 16:54:50.37] Install triggered: Virtual environment not found 
[Mon 01/26/2026 16:54:50.37] ========== STARTING INSTALLATION ========== 
[Mon 01/26/2026 16:54:50.37] Executing install_and_run.bat 

=====================================================================
Trading API Monitor - Installation and Startup
=====================================================================
Timestamp: Mon 01/26/2026 16:54:50.38
Script Directory: D:\NS\trading_api_client\

[STEP 1] Checking for distribution file...
✓ Found: D:\NS\trading_api_client\dist\trading-api-monitor-1.0.0.tar.gz

[STEP 2] Creating installation directory...
Removing existing virtual environment (preserving user data)...
✓ Ready: D:\NS\trading_api_client\install_monitor

[STEP 3] Creating virtual environment...
This may take a few minutes...
✓ Created virtual environment

[STEP 4] Upgrading pip...
✓ Upgraded pip

[STEP 5] Installing trading-api-monitor from tar.gz...
This may take a minute...

===== Installing trading-api-monitor package =====
Processing d:\ns\trading_api_client\dist\trading-api-monitor-1.0.0.tar.gz
  Installing build dependencies: started
  Installing build dependencies: finished with status 'done'
  Getting requirements to build wheel: started
  Getting requirements to build wheel: finished with status 'done'
  Preparing metadata (pyproject.toml): started
  Preparing metadata (pyproject.toml): finished with status 'done'
Collecting Flask>=2.3.0 (from trading-api-monitor==1.0.0)
  Using cached flask-3.1.2-py3-none-any.whl.metadata (3.2 kB)
Collecting aiohttp==3.9.3 (from trading-api-monitor==1.0.0)
  Using cached aiohttp-3.9.3-cp313-cp313-win_amd64.whl
Collecting black==25.12.0 (from trading-api-monitor==1.0.0)
  Using cached black-25.12.0-cp313-cp313-win_amd64.whl.metadata (86 kB)
Collecting certifi>=2023.0.0 (from trading-api-monitor==1.0.0)
  Using cached certifi-2026.1.4-py3-none-any.whl.metadata (2.5 kB)
Collecting dhanhq>=2.0.0 (from trading-api-monitor==1.0.0)
  Using cached dhanhq-2.0.2-py3-none-any.whl.metadata (8.6 kB)
Collecting flake8==7.3.0 (from trading-api-monitor==1.0.0)
  Using cached flake8-7.3.0-py2.py3-none-any.whl.metadata (3.8 kB)
Collecting fyers-apiv3>=2.0.0 (from trading-api-monitor==1.0.0)
  Using cached fyers_apiv3-3.1.8-py3-none-any.whl.metadata (19 kB)
Collecting googleapis-common-protos>=1.56.0 (from trading-api-monitor==1.0.0)
  Using cached googleapis_common_protos-1.72.0-py3-none-any.whl.metadata (9.4 kB)
Collecting mypy==1.19.1 (from trading-api-monitor==1.0.0)
  Using cached mypy-1.19.1-cp313-cp313-win_amd64.whl.metadata (2.3 kB)
Collecting numpy==2.4.1 (from trading-api-monitor==1.0.0)
  Using cached numpy-2.4.1-cp313-cp313-win_amd64.whl.metadata (6.6 kB)
Collecting pandas==2.3.3 (from trading-api-monitor==1.0.0)
  Using cached pandas-2.3.3-cp313-cp313-win_amd64.whl.metadata (19 kB)
Collecting protobuf>=3.20.0 (from trading-api-monitor==1.0.0)
  Using cached protobuf-6.33.4-cp310-abi3-win_amd64.whl.metadata (593 bytes)
Collecting pytest==9.0.2 (from trading-api-monitor==1.0.0)
  Using cached pytest-9.0.2-py3-none-any.whl.metadata (7.6 kB)
Collecting python-certifi-win32==1.6.1 (from trading-api-monitor==1.0.0)
  Using cached python_certifi_win32-1.6.1-py2.py3-none-any.whl.metadata (1.4 kB)
Collecting python-dotenv>=0.21.0 (from trading-api-monitor==1.0.0)
  Using cached python_dotenv-1.2.1-py3-none-any.whl.metadata (25 kB)
Collecting requests>=2.28.0 (from trading-api-monitor==1.0.0)
  Using cached requests-2.32.5-py3-none-any.whl.metadata (4.9 kB)
Collecting sphinx-rtd-theme==3.0.2 (from trading-api-monitor==1.0.0)
  Using cached sphinx_rtd_theme-3.0.2-py2.py3-none-any.whl.metadata (4.4 kB)
Collecting sphinx==8.2.3 (from trading-api-monitor==1.0.0)
  Using cached sphinx-8.2.3-py3-none-any.whl.metadata (7.0 kB)
Collecting aiosignal>=1.1.2 (from aiohttp==3.9.3->trading-api-monitor==1.0.0)
  Using cached aiosignal-1.4.0-py3-none-any.whl.metadata (3.7 kB)
Collecting attrs>=17.3.0 (from aiohttp==3.9.3->trading-api-monitor==1.0.0)
  Using cached attrs-25.4.0-py3-none-any.whl.metadata (10 kB)
Collecting frozenlist>=1.1.1 (from aiohttp==3.9.3->trading-api-monitor==1.0.0)
  Using cached frozenlist-1.8.0-cp313-cp313-win_amd64.whl.metadata (21 kB)
Collecting multidict<7.0,>=4.5 (from aiohttp==3.9.3->trading-api-monitor==1.0.0)
  Using cached multidict-6.7.1-cp313-cp313-win_amd64.whl.metadata (5.5 kB)
Collecting yarl<2.0,>=1.0 (from aiohttp==3.9.3->trading-api-monitor==1.0.0)
  Using cached yarl-1.22.0-cp313-cp313-win_amd64.whl.metadata (77 kB)
Collecting click>=8.0.0 (from black==25.12.0->trading-api-monitor==1.0.0)
  Using cached click-8.3.1-py3-none-any.whl.metadata (2.6 kB)
Collecting mypy-extensions>=0.4.3 (from black==25.12.0->trading-api-monitor==1.0.0)
  Using cached mypy_extensions-1.1.0-py3-none-any.whl.metadata (1.1 kB)
Collecting packaging>=22.0 (from black==25.12.0->trading-api-monitor==1.0.0)
  Using cached packaging-26.0-py3-none-any.whl.metadata (3.3 kB)
Collecting pathspec>=0.9.0 (from black==25.12.0->trading-api-monitor==1.0.0)
  Using cached pathspec-1.0.3-py3-none-any.whl.metadata (13 kB)
Collecting platformdirs>=2 (from black==25.12.0->trading-api-monitor==1.0.0)
  Using cached platformdirs-4.5.1-py3-none-any.whl.metadata (12 kB)
Collecting pytokens>=0.3.0 (from black==25.12.0->trading-api-monitor==1.0.0)
  Using cached pytokens-0.4.0-cp313-cp313-win_amd64.whl.metadata (3.9 kB)
Collecting mccabe<0.8.0,>=0.7.0 (from flake8==7.3.0->trading-api-monitor==1.0.0)
  Using cached mccabe-0.7.0-py2.py3-none-any.whl.metadata (5.0 kB)
Collecting pycodestyle<2.15.0,>=2.14.0 (from flake8==7.3.0->trading-api-monitor==1.0.0)
  Using cached pycodestyle-2.14.0-py2.py3-none-any.whl.metadata (4.5 kB)
Collecting pyflakes<3.5.0,>=3.4.0 (from flake8==7.3.0->trading-api-monitor==1.0.0)
  Using cached pyflakes-3.4.0-py2.py3-none-any.whl.metadata (3.5 kB)
Collecting typing_extensions>=4.6.0 (from mypy==1.19.1->trading-api-monitor==1.0.0)
  Using cached typing_extensions-4.15.0-py3-none-any.whl.metadata (3.3 kB)
Collecting librt>=0.6.2 (from mypy==1.19.1->trading-api-monitor==1.0.0)
  Using cached librt-0.7.8-cp313-cp313-win_amd64.whl.metadata (1.4 kB)
Collecting python-dateutil>=2.8.2 (from pandas==2.3.3->trading-api-monitor==1.0.0)
  Using cached python_dateutil-2.9.0.post0-py2.py3-none-any.whl.metadata (8.4 kB)
Collecting pytz>=2020.1 (from pandas==2.3.3->trading-api-monitor==1.0.0)
  Using cached pytz-2025.2-py2.py3-none-any.whl.metadata (22 kB)
Collecting tzdata>=2022.7 (from pandas==2.3.3->trading-api-monitor==1.0.0)
  Using cached tzdata-2025.3-py2.py3-none-any.whl.metadata (1.4 kB)
Collecting colorama>=0.4 (from pytest==9.0.2->trading-api-monitor==1.0.0)
  Using cached colorama-0.4.6-py2.py3-none-any.whl.metadata (17 kB)
Collecting iniconfig>=1.0.1 (from pytest==9.0.2->trading-api-monitor==1.0.0)
  Using cached iniconfig-2.3.0-py3-none-any.whl.metadata (2.5 kB)
Collecting pluggy<2,>=1.5 (from pytest==9.0.2->trading-api-monitor==1.0.0)
  Using cached pluggy-1.6.0-py3-none-any.whl.metadata (4.8 kB)
Collecting pygments>=2.7.2 (from pytest==9.0.2->trading-api-monitor==1.0.0)
  Using cached pygments-2.19.2-py3-none-any.whl.metadata (2.5 kB)
Collecting wrapt>=1.10.4 (from python-certifi-win32==1.6.1->trading-api-monitor==1.0.0)
  Using cached wrapt-2.0.1-cp313-cp313-win_amd64.whl.metadata (9.2 kB)
Collecting setuptools-scm (from python-certifi-win32==1.6.1->trading-api-monitor==1.0.0)
  Using cached setuptools_scm-9.2.2-py3-none-any.whl.metadata (7.7 kB)
Collecting sphinxcontrib-applehelp>=1.0.7 (from sphinx==8.2.3->trading-api-monitor==1.0.0)
  Using cached sphinxcontrib_applehelp-2.0.0-py3-none-any.whl.metadata (2.3 kB)
Collecting sphinxcontrib-devhelp>=1.0.6 (from sphinx==8.2.3->trading-api-monitor==1.0.0)
  Using cached sphinxcontrib_devhelp-2.0.0-py3-none-any.whl.metadata (2.3 kB)
Collecting sphinxcontrib-htmlhelp>=2.0.6 (from sphinx==8.2.3->trading-api-monitor==1.0.0)
  Using cached sphinxcontrib_htmlhelp-2.1.0-py3-none-any.whl.metadata (2.3 kB)
Collecting sphinxcontrib-jsmath>=1.0.1 (from sphinx==8.2.3->trading-api-monitor==1.0.0)
  Using cached sphinxcontrib_jsmath-1.0.1-py2.py3-none-any.whl.metadata (1.4 kB)
Collecting sphinxcontrib-qthelp>=1.0.6 (from sphinx==8.2.3->trading-api-monitor==1.0.0)
  Using cached sphinxcontrib_qthelp-2.0.0-py3-none-any.whl.metadata (2.3 kB)
Collecting sphinxcontrib-serializinghtml>=1.1.9 (from sphinx==8.2.3->trading-api-monitor==1.0.0)
  Using cached sphinxcontrib_serializinghtml-2.0.0-py3-none-any.whl.metadata (2.4 kB)
Collecting Jinja2>=3.1 (from sphinx==8.2.3->trading-api-monitor==1.0.0)
  Using cached jinja2-3.1.6-py3-none-any.whl.metadata (2.9 kB)
Collecting docutils<0.22,>=0.20 (from sphinx==8.2.3->trading-api-monitor==1.0.0)
  Using cached docutils-0.21.2-py3-none-any.whl.metadata (2.8 kB)
Collecting snowballstemmer>=2.2 (from sphinx==8.2.3->trading-api-monitor==1.0.0)
  Using cached snowballstemmer-3.0.1-py3-none-any.whl.metadata (7.9 kB)
Collecting babel>=2.13 (from sphinx==8.2.3->trading-api-monitor==1.0.0)
  Using cached babel-2.17.0-py3-none-any.whl.metadata (2.0 kB)
Collecting alabaster>=0.7.14 (from sphinx==8.2.3->trading-api-monitor==1.0.0)
  Using cached alabaster-1.0.0-py3-none-any.whl.metadata (2.8 kB)
Collecting imagesize>=1.3 (from sphinx==8.2.3->trading-api-monitor==1.0.0)
  Using cached imagesize-1.4.1-py2.py3-none-any.whl.metadata (1.5 kB)
Collecting roman-numerals-py>=1.0.0 (from sphinx==8.2.3->trading-api-monitor==1.0.0)
  Using cached roman_numerals_py-4.1.0-py3-none-any.whl.metadata (561 bytes)
Collecting sphinxcontrib-jquery<5,>=4 (from sphinx-rtd-theme==3.0.2->trading-api-monitor==1.0.0)
  Using cached sphinxcontrib_jquery-4.1-py2.py3-none-any.whl.metadata (2.6 kB)
Collecting websockets>=12.0.1 (from dhanhq>=2.0.0->trading-api-monitor==1.0.0)
  Using cached websockets-16.0-cp313-cp313-win_amd64.whl.metadata (7.0 kB)
Collecting pyOpenSSL>=20.0.1 (from dhanhq>=2.0.0->trading-api-monitor==1.0.0)
  Using cached pyopenssl-25.3.0-py3-none-any.whl.metadata (17 kB)
Collecting blinker>=1.9.0 (from Flask>=2.3.0->trading-api-monitor==1.0.0)
  Using cached blinker-1.9.0-py3-none-any.whl.metadata (1.6 kB)
Collecting itsdangerous>=2.2.0 (from Flask>=2.3.0->trading-api-monitor==1.0.0)
  Using cached itsdangerous-2.2.0-py3-none-any.whl.metadata (1.9 kB)
Collecting markupsafe>=2.1.1 (from Flask>=2.3.0->trading-api-monitor==1.0.0)
  Using cached markupsafe-3.0.3-cp313-cp313-win_amd64.whl.metadata (2.8 kB)
Collecting werkzeug>=3.1.0 (from Flask>=2.3.0->trading-api-monitor==1.0.0)
  Using cached werkzeug-3.1.5-py3-none-any.whl.metadata (4.0 kB)
Collecting requests>=2.28.0 (from trading-api-monitor==1.0.0)
  Using cached requests-2.31.0-py3-none-any.whl.metadata (4.6 kB)
Collecting asyncio==3.4.3 (from fyers-apiv3>=2.0.0->trading-api-monitor==1.0.0)
  Using cached asyncio-3.4.3-py3-none-any.whl.metadata (1.7 kB)
Collecting aws_lambda_powertools==1.25.5 (from fyers-apiv3>=2.0.0->trading-api-monitor==1.0.0)
  Using cached aws_lambda_powertools-1.25.5-py3-none-any.whl.metadata (6.8 kB)
Collecting websocket-client==1.6.1 (from fyers-apiv3>=2.0.0->trading-api-monitor==1.0.0)
  Using cached websocket_client-1.6.1-py3-none-any.whl.metadata (7.6 kB)
Collecting setuptools==68.0.0 (from fyers-apiv3>=2.0.0->trading-api-monitor==1.0.0)
  Using cached setuptools-68.0.0-py3-none-any.whl.metadata (6.4 kB)
Collecting charset-normalizer<4,>=2 (from requests>=2.28.0->trading-api-monitor==1.0.0)
  Using cached charset_normalizer-3.4.4-cp313-cp313-win_amd64.whl.metadata (38 kB)
Collecting idna<4,>=2.5 (from requests>=2.28.0->trading-api-monitor==1.0.0)
  Using cached idna-3.11-py3-none-any.whl.metadata (8.4 kB)
Collecting urllib3<3,>=1.21.1 (from requests>=2.28.0->trading-api-monitor==1.0.0)
  Using cached urllib3-2.6.3-py3-none-any.whl.metadata (6.9 kB)
Collecting aws-xray-sdk<3.0.0,>=2.8.0 (from aws_lambda_powertools==1.25.5->fyers-apiv3>=2.0.0->trading-api-monitor==1.0.0)
  Using cached aws_xray_sdk-2.15.0-py2.py3-none-any.whl.metadata (23 kB)
Collecting boto3<2.0,>=1.18 (from aws_lambda_powertools==1.25.5->fyers-apiv3>=2.0.0->trading-api-monitor==1.0.0)
  Using cached boto3-1.42.34-py3-none-any.whl.metadata (6.8 kB)
Collecting fastjsonschema<3.0.0,>=2.14.5 (from aws_lambda_powertools==1.25.5->fyers-apiv3>=2.0.0->trading-api-monitor==1.0.0)
  Using cached fastjsonschema-2.21.2-py3-none-any.whl.metadata (2.3 kB)
Collecting jmespath<0.11.0,>=0.10.0 (from aws_lambda_powertools==1.25.5->fyers-apiv3>=2.0.0->trading-api-monitor==1.0.0)
  Using cached jmespath-0.10.0-py2.py3-none-any.whl.metadata (8.0 kB)
Collecting cryptography<47,>=45.0.7 (from pyOpenSSL>=20.0.1->dhanhq>=2.0.0->trading-api-monitor==1.0.0)
  Using cached cryptography-46.0.3-cp311-abi3-win_amd64.whl.metadata (5.7 kB)
Collecting six>=1.5 (from python-dateutil>=2.8.2->pandas==2.3.3->trading-api-monitor==1.0.0)
  Using cached six-1.17.0-py2.py3-none-any.whl.metadata (1.7 kB)
Collecting roman-numerals==4.1.0 (from roman-numerals-py>=1.0.0->sphinx==8.2.3->trading-api-monitor==1.0.0)
  Using cached roman_numerals-4.1.0-py3-none-any.whl.metadata (3.3 kB)
Collecting propcache>=0.2.1 (from yarl<2.0,>=1.0->aiohttp==3.9.3->trading-api-monitor==1.0.0)
  Using cached propcache-0.4.1-cp313-cp313-win_amd64.whl.metadata (14 kB)
Collecting botocore>=1.11.3 (from aws-xray-sdk<3.0.0,>=2.8.0->aws_lambda_powertools==1.25.5->fyers-apiv3>=2.0.0->trading-api-monitor==1.0.0)
  Using cached botocore-1.42.34-py3-none-any.whl.metadata (5.9 kB)
Collecting s3transfer<0.17.0,>=0.16.0 (from boto3<2.0,>=1.18->aws_lambda_powertools==1.25.5->fyers-apiv3>=2.0.0->trading-api-monitor==1.0.0)
  Using cached s3transfer-0.16.0-py3-none-any.whl.metadata (1.7 kB)
Collecting cffi>=2.0.0 (from cryptography<47,>=45.0.7->pyOpenSSL>=20.0.1->dhanhq>=2.0.0->trading-api-monitor==1.0.0)
  Using cached cffi-2.0.0-cp313-cp313-win_amd64.whl.metadata (2.6 kB)
Collecting pycparser (from cffi>=2.0.0->cryptography<47,>=45.0.7->pyOpenSSL>=20.0.1->dhanhq>=2.0.0->trading-api-monitor==1.0.0)
  Using cached pycparser-3.0-py3-none-any.whl.metadata (8.2 kB)
Using cached black-25.12.0-cp313-cp313-win_amd64.whl (1.4 MB)
Using cached flake8-7.3.0-py2.py3-none-any.whl (57 kB)
Using cached mypy-1.19.1-cp313-cp313-win_amd64.whl (10.1 MB)
Using cached numpy-2.4.1-cp313-cp313-win_amd64.whl (12.3 MB)
Using cached pandas-2.3.3-cp313-cp313-win_amd64.whl (11.0 MB)
Using cached pytest-9.0.2-py3-none-any.whl (374 kB)
Using cached python_certifi_win32-1.6.1-py2.py3-none-any.whl (7.3 kB)
Using cached sphinx-8.2.3-py3-none-any.whl (3.6 MB)
Using cached sphinx_rtd_theme-3.0.2-py2.py3-none-any.whl (7.7 MB)
Using cached certifi-2026.1.4-py3-none-any.whl (152 kB)
Using cached dhanhq-2.0.2-py3-none-any.whl (18 kB)
Using cached flask-3.1.2-py3-none-any.whl (103 kB)
Using cached fyers_apiv3-3.1.8-py3-none-any.whl (39 kB)
Using cached requests-2.31.0-py3-none-any.whl (62 kB)
Using cached asyncio-3.4.3-py3-none-any.whl (101 kB)
Using cached aws_lambda_powertools-1.25.5-py3-none-any.whl (171 kB)
Using cached setuptools-68.0.0-py3-none-any.whl (804 kB)
Using cached websocket_client-1.6.1-py3-none-any.whl (56 kB)
Using cached googleapis_common_protos-1.72.0-py3-none-any.whl (297 kB)
Using cached protobuf-6.33.4-cp310-abi3-win_amd64.whl (436 kB)
Using cached python_dotenv-1.2.1-py3-none-any.whl (21 kB)
Using cached aiosignal-1.4.0-py3-none-any.whl (7.5 kB)
Using cached alabaster-1.0.0-py3-none-any.whl (13 kB)
Using cached attrs-25.4.0-py3-none-any.whl (67 kB)
Using cached babel-2.17.0-py3-none-any.whl (10.2 MB)
Using cached blinker-1.9.0-py3-none-any.whl (8.5 kB)
Using cached charset_normalizer-3.4.4-cp313-cp313-win_amd64.whl (107 kB)
Using cached click-8.3.1-py3-none-any.whl (108 kB)
Using cached colorama-0.4.6-py2.py3-none-any.whl (25 kB)
Using cached docutils-0.21.2-py3-none-any.whl (587 kB)
Using cached frozenlist-1.8.0-cp313-cp313-win_amd64.whl (43 kB)
Using cached idna-3.11-py3-none-any.whl (71 kB)
Using cached imagesize-1.4.1-py2.py3-none-any.whl (8.8 kB)
Using cached iniconfig-2.3.0-py3-none-any.whl (7.5 kB)
Using cached itsdangerous-2.2.0-py3-none-any.whl (16 kB)
Using cached jinja2-3.1.6-py3-none-any.whl (134 kB)
Using cached librt-0.7.8-cp313-cp313-win_amd64.whl (50 kB)
Using cached markupsafe-3.0.3-cp313-cp313-win_amd64.whl (15 kB)
Using cached mccabe-0.7.0-py2.py3-none-any.whl (7.3 kB)
Using cached multidict-6.7.1-cp313-cp313-win_amd64.whl (45 kB)
Using cached mypy_extensions-1.1.0-py3-none-any.whl (5.0 kB)
Using cached packaging-26.0-py3-none-any.whl (74 kB)
Using cached pathspec-1.0.3-py3-none-any.whl (55 kB)
Using cached platformdirs-4.5.1-py3-none-any.whl (18 kB)
Using cached pluggy-1.6.0-py3-none-any.whl (20 kB)
Using cached pycodestyle-2.14.0-py2.py3-none-any.whl (31 kB)
Using cached pyflakes-3.4.0-py2.py3-none-any.whl (63 kB)
Using cached pygments-2.19.2-py3-none-any.whl (1.2 MB)
Using cached pyopenssl-25.3.0-py3-none-any.whl (57 kB)
Using cached python_dateutil-2.9.0.post0-py2.py3-none-any.whl (229 kB)
Using cached pytokens-0.4.0-cp313-cp313-win_amd64.whl (102 kB)
Using cached pytz-2025.2-py2.py3-none-any.whl (509 kB)
Using cached roman_numerals_py-4.1.0-py3-none-any.whl (4.5 kB)
Using cached roman_numerals-4.1.0-py3-none-any.whl (7.7 kB)
Using cached snowballstemmer-3.0.1-py3-none-any.whl (103 kB)
Using cached sphinxcontrib_applehelp-2.0.0-py3-none-any.whl (119 kB)
Using cached sphinxcontrib_devhelp-2.0.0-py3-none-any.whl (82 kB)
Using cached sphinxcontrib_htmlhelp-2.1.0-py3-none-any.whl (98 kB)
Using cached sphinxcontrib_jquery-4.1-py2.py3-none-any.whl (121 kB)
Using cached sphinxcontrib_jsmath-1.0.1-py2.py3-none-any.whl (5.1 kB)
Using cached sphinxcontrib_qthelp-2.0.0-py3-none-any.whl (88 kB)
Using cached sphinxcontrib_serializinghtml-2.0.0-py3-none-any.whl (92 kB)
Using cached typing_extensions-4.15.0-py3-none-any.whl (44 kB)
Using cached tzdata-2025.3-py2.py3-none-any.whl (348 kB)
Using cached urllib3-2.6.3-py3-none-any.whl (131 kB)
Using cached websockets-16.0-cp313-cp313-win_amd64.whl (178 kB)
Using cached werkzeug-3.1.5-py3-none-any.whl (225 kB)
Using cached wrapt-2.0.1-cp313-cp313-win_amd64.whl (60 kB)
Using cached yarl-1.22.0-cp313-cp313-win_amd64.whl (86 kB)
Using cached setuptools_scm-9.2.2-py3-none-any.whl (62 kB)
Using cached aws_xray_sdk-2.15.0-py2.py3-none-any.whl (103 kB)
Using cached boto3-1.42.34-py3-none-any.whl (140 kB)
Using cached cryptography-46.0.3-cp311-abi3-win_amd64.whl (3.5 MB)
Using cached fastjsonschema-2.21.2-py3-none-any.whl (24 kB)
Using cached jmespath-0.10.0-py2.py3-none-any.whl (24 kB)
Using cached propcache-0.4.1-cp313-cp313-win_amd64.whl (40 kB)
Using cached six-1.17.0-py2.py3-none-any.whl (11 kB)
Using cached botocore-1.42.34-py3-none-any.whl (14.6 MB)
Using cached cffi-2.0.0-cp313-cp313-win_amd64.whl (183 kB)
Using cached s3transfer-0.16.0-py3-none-any.whl (86 kB)
Using cached pycparser-3.0-py3-none-any.whl (48 kB)
Building wheels for collected packages: trading-api-monitor
  Building wheel for trading-api-monitor (pyproject.toml): started
  Building wheel for trading-api-monitor (pyproject.toml): finished with status 'done'
  Created wheel for trading-api-monitor: filename=trading_api_monitor-1.0.0-py3-none-any.whl size=130132 sha256=8a857bd9538b63e22ed9f3d7e949d234525b8a415c085a2aec3f54fa0506a535
  Stored in directory: c:\users\narasimharao.allaka\appdata\local\pip\cache\wheels\39\81\c4\1c8b5bebf3a9cab3f7f93c5560767a88c3ba3f47199f9482bc
Successfully built trading-api-monitor
Installing collected packages: pytz, fastjsonschema, asyncio, wrapt, websockets, websocket-client, urllib3, tzdata, typing_extensions, sphinxcontrib-serializinghtml, sphinxcontrib-qthelp, sphinxcontrib-jsmath, sphinxcontrib-htmlhelp, sphinxcontrib-devhelp, sphinxcontrib-applehelp, snowballstemmer, six, setuptools, roman-numerals, pytokens, python-dotenv, pygments, pyflakes, pycparser, pycodestyle, protobuf, propcache, pluggy, platformdirs, pathspec, packaging, numpy, mypy-extensions, multidict, mccabe, markupsafe, librt, jmespath, itsdangerous, iniconfig, imagesize, idna, frozenlist, docutils, colorama, charset-normalizer, certifi, blinker, babel, attrs, alabaster, yarl, werkzeug, setuptools-scm, roman-numerals-py, requests, python-dateutil, pytest, mypy, Jinja2, googleapis-common-protos, flake8, click, cffi, aiosignal, sphinx, python-certifi-win32, pandas, Flask, cryptography, botocore, black, aiohttp, sphinxcontrib-jquery, s3transfer, pyOpenSSL, aws-xray-sdk, sphinx-rtd-theme, dhanhq, boto3, aws_lambda_powertools, fyers-apiv3, trading-api-monitor
